Copyright 1986-2018 Xilinx, Inc. All Rights Reserved.
-------------------------------------------------------------------------------------
| Tool Version : Vivado v.2018.3 (win64) Build 2405991 Thu Dec  6 23:38:27 MST 2018
| Date         : Tue Dec 24 20:09:42 2019
| Host         : DESKTOP-FAVM4VP running 64-bit major release  (build 9200)
| Command      : report_control_sets -verbose -file Hard_CPU_control_sets_placed.rpt
| Design       : Hard_CPU
| Device       : xc7a35t
-------------------------------------------------------------------------------------

Control Set Information

Table of Contents
-----------------
1. Summary
2. Histogram
3. Flip-Flop Distribution
4. Detailed Control Set Information

1. Summary
----------

+----------------------------------------------------------+-------+
|                          Status                          | Count |
+----------------------------------------------------------+-------+
| Number of unique control sets                            |   272 |
| Unused register locations in slices containing registers |    36 |
+----------------------------------------------------------+-------+


2. Histogram
------------

+--------+--------------+
| Fanout | Control Sets |
+--------+--------------+
|      2 |            1 |
|      4 |            1 |
|      5 |            1 |
|      7 |            1 |
|      8 |          256 |
|    16+ |           12 |
+--------+--------------+


3. Flip-Flop Distribution
-------------------------

+--------------+-----------------------+------------------------+-----------------+--------------+
| Clock Enable | Synchronous Set/Reset | Asynchronous Set/Reset | Total Registers | Total Slices |
+--------------+-----------------------+------------------------+-----------------+--------------+
| No           | No                    | No                     |             150 |           68 |
| No           | No                    | Yes                    |               7 |            3 |
| No           | Yes                   | No                     |             169 |           56 |
| Yes          | No                    | No                     |            2090 |         1294 |
| Yes          | No                    | Yes                    |              39 |           15 |
| Yes          | Yes                   | No                     |               5 |            1 |
+--------------+-----------------------+------------------------+-----------------+--------------+


4. Detailed Control Set Information
-----------------------------------

+------------------------------------+------------------------------------------------+-----------------------------------------+------------------+----------------+
|            Clock Signal            |                  Enable Signal                 |             Set/Reset Signal            | Slice Load Count | Bel Load Count |
+------------------------------------+------------------------------------------------+-----------------------------------------+------------------+----------------+
|  CLK_IBUF_BUFG                     |                                                |                                         |                2 |              2 |
|  slowclk/E[0]                      |                                                |                                         |                1 |              4 |
|  CLK_IBUF_BUFG                     | slowclk/FSM_onehot_AN[4]_i_1_n_1               | remove_shake_reset/key_out_reg_reg_0    |                1 |              5 |
|  remove_shake_clk/key_out_reg_BUFG |                                                | remove_shake_reset/key_out_reg_reg_0    |                3 |              7 |
|  remove_shake_clk/key_out_reg_BUFG | multipleCPU/ALUoutDR/E[0]                      |                                         |                3 |              8 |
|  remove_shake_clk/key_out_reg_BUFG | multipleCPU/ALUoutDR/OData_reg[1]_4[0]         |                                         |                3 |              8 |
|  remove_shake_clk/key_out_reg_BUFG | multipleCPU/ALUoutDR/OData_reg[1]_2[0]         |                                         |                6 |              8 |
|  remove_shake_clk/key_out_reg_BUFG | multipleCPU/ALUoutDR/OData_reg[1]_3[0]         |                                         |                5 |              8 |
|  remove_shake_clk/key_out_reg_BUFG | multipleCPU/ALUoutDR/OData_reg[1]_rep__7_0[0]  |                                         |                5 |              8 |
|  remove_shake_clk/key_out_reg_BUFG | multipleCPU/ALUoutDR/OData_reg[2]_rep__11_6[0] |                                         |                4 |              8 |
|  remove_shake_clk/key_out_reg_BUFG | multipleCPU/ALUoutDR/OData_reg[2]_rep__11_5[0] |                                         |                5 |              8 |
|  remove_shake_clk/key_out_reg_BUFG | multipleCPU/ALUoutDR/OData_reg[2]_rep__8_1[0]  |                                         |                5 |              8 |
|  remove_shake_clk/key_out_reg_BUFG | multipleCPU/ALUoutDR/OData_reg[2]_rep__11_9[0] |                                         |                3 |              8 |
|  remove_shake_clk/key_out_reg_BUFG | multipleCPU/ALUoutDR/OData_reg[2]_rep__8_3[0]  |                                         |                5 |              8 |
|  remove_shake_clk/key_out_reg_BUFG | multipleCPU/ALUoutDR/OData_reg[2]_rep__8_4[0]  |                                         |                4 |              8 |
|  remove_shake_clk/key_out_reg_BUFG | multipleCPU/ALUoutDR/OData_reg[1]_5[0]         |                                         |                5 |              8 |
|  remove_shake_clk/key_out_reg_BUFG | multipleCPU/ALUoutDR/OData_reg[1]_rep__6_3[0]  |                                         |                6 |              8 |
|  remove_shake_clk/key_out_reg_BUFG | multipleCPU/ALUoutDR/OData_reg[2]_rep__11_2[0] |                                         |                3 |              8 |
|  remove_shake_clk/key_out_reg_BUFG | multipleCPU/ALUoutDR/OData_reg[2]_rep__11_3[0] |                                         |                4 |              8 |
|  remove_shake_clk/key_out_reg_BUFG | multipleCPU/ALUoutDR/OData_reg[2]_rep__11_4[0] |                                         |                6 |              8 |
|  remove_shake_clk/key_out_reg_BUFG | multipleCPU/ALUoutDR/OData_reg[1]_rep__6_2[0]  |                                         |                3 |              8 |
|  remove_shake_clk/key_out_reg_BUFG | multipleCPU/ALUoutDR/OData_reg[1]_6[0]         |                                         |                4 |              8 |
|  remove_shake_clk/key_out_reg_BUFG | multipleCPU/ALUoutDR/OData_reg[1]_rep__6_4[0]  |                                         |                7 |              8 |
|  remove_shake_clk/key_out_reg_BUFG | multipleCPU/ALUoutDR/OData_reg[2]_rep__8_6[0]  |                                         |                4 |              8 |
|  remove_shake_clk/key_out_reg_BUFG | multipleCPU/ALUoutDR/OData_reg[2]_rep__8_5[0]  |                                         |                3 |              8 |
|  remove_shake_clk/key_out_reg_BUFG | multipleCPU/ALUoutDR/OData_reg[1]_rep__11_1[0] |                                         |                4 |              8 |
|  remove_shake_clk/key_out_reg_BUFG | multipleCPU/ALUoutDR/OData_reg[2]_rep__8_2[0]  |                                         |                7 |              8 |
|  remove_shake_clk/key_out_reg_BUFG | multipleCPU/ALUoutDR/OData_reg[2]_rep__11_7[0] |                                         |                6 |              8 |
|  remove_shake_clk/key_out_reg_BUFG | multipleCPU/ALUoutDR/OData_reg[2]_rep__11_8[0] |                                         |                6 |              8 |
|  remove_shake_clk/key_out_reg_BUFG | multipleCPU/ALUoutDR/OData_reg[2]_rep__12_0[0] |                                         |                5 |              8 |
|  remove_shake_clk/key_out_reg_BUFG | multipleCPU/ALUoutDR/OData_reg[1]_rep__6_1[0]  |                                         |                6 |              8 |
|  remove_shake_clk/key_out_reg_BUFG | multipleCPU/ALUoutDR/OData_reg[2]_rep__11_1[0] |                                         |                7 |              8 |
|  remove_shake_clk/key_out_reg_BUFG | multipleCPU/ALUoutDR/OData_reg[1]_rep__2_1[0]  |                                         |                3 |              8 |
|  remove_shake_clk/key_out_reg_BUFG | multipleCPU/ALUoutDR/OData_reg[4]_rep__2_7[0]  |                                         |                4 |              8 |
|  remove_shake_clk/key_out_reg_BUFG | multipleCPU/ALUoutDR/OData_reg[3]_rep__2_10[0] |                                         |                4 |              8 |
|  remove_shake_clk/key_out_reg_BUFG | multipleCPU/ALUoutDR/OData_reg[4]_0[0]         |                                         |                5 |              8 |
|  remove_shake_clk/key_out_reg_BUFG | multipleCPU/ALUoutDR/OData_reg[4]_rep__0_3[0]  |                                         |                5 |              8 |
|  remove_shake_clk/key_out_reg_BUFG | multipleCPU/ALUoutDR/OData_reg[3]_rep__2_4[0]  |                                         |                3 |              8 |
|  remove_shake_clk/key_out_reg_BUFG | multipleCPU/ALUoutDR/OData_reg[4]_rep__2_1[0]  |                                         |                6 |              8 |
|  remove_shake_clk/key_out_reg_BUFG | multipleCPU/ALUoutDR/OData_reg[3]_rep__2_9[0]  |                                         |                3 |              8 |
|  remove_shake_clk/key_out_reg_BUFG | multipleCPU/ALUoutDR/OData_reg[4]_rep__0_1[0]  |                                         |                5 |              8 |
|  remove_shake_clk/key_out_reg_BUFG | multipleCPU/ALUoutDR/OData_reg[3]_rep__2_14[0] |                                         |                5 |              8 |
|  remove_shake_clk/key_out_reg_BUFG | multipleCPU/ALUoutDR/OData_reg[3]_rep__3_2[0]  |                                         |                3 |              8 |
|  remove_shake_clk/key_out_reg_BUFG | multipleCPU/ALUoutDR/OData_reg[3]_rep__2_11[0] |                                         |                4 |              8 |
|  remove_shake_clk/key_out_reg_BUFG | multipleCPU/ALUoutDR/OData_reg[4]_rep__2_0[0]  |                                         |                5 |              8 |
|  remove_shake_clk/key_out_reg_BUFG | multipleCPU/ALUoutDR/OData_reg[3]_rep__2_12[0] |                                         |                4 |              8 |
|  remove_shake_clk/key_out_reg_BUFG | multipleCPU/ALUoutDR/OData_reg[3]_rep__2_3[0]  |                                         |                4 |              8 |
|  remove_shake_clk/key_out_reg_BUFG | multipleCPU/ALUoutDR/OData_reg[3]_rep__2_7[0]  |                                         |                3 |              8 |
|  remove_shake_clk/key_out_reg_BUFG | multipleCPU/ALUoutDR/OData_reg[3]_rep__3_1[0]  |                                         |                4 |              8 |
|  remove_shake_clk/key_out_reg_BUFG | multipleCPU/ALUoutDR/OData_reg[3]_rep__5_2[0]  |                                         |                4 |              8 |
|  remove_shake_clk/key_out_reg_BUFG | multipleCPU/ALUoutDR/OData_reg[3]_rep__2_2[0]  |                                         |                3 |              8 |
|  remove_shake_clk/key_out_reg_BUFG | multipleCPU/ALUoutDR/OData_reg[4]_rep__0_6[0]  |                                         |                5 |              8 |
|  remove_shake_clk/key_out_reg_BUFG | multipleCPU/ALUoutDR/OData_reg[4]_rep__2_3[0]  |                                         |                4 |              8 |
|  remove_shake_clk/key_out_reg_BUFG | multipleCPU/ALUoutDR/OData_reg[3]_rep__2_13[0] |                                         |                2 |              8 |
|  remove_shake_clk/key_out_reg_BUFG | multipleCPU/ALUoutDR/OData_reg[5]_rep_0[0]     |                                         |                4 |              8 |
|  remove_shake_clk/key_out_reg_BUFG | multipleCPU/ALUoutDR/OData_reg[3]_rep__2_5[0]  |                                         |                3 |              8 |
|  remove_shake_clk/key_out_reg_BUFG | multipleCPU/ALUoutDR/OData_reg[4]_rep__2_2[0]  |                                         |                5 |              8 |
|  remove_shake_clk/key_out_reg_BUFG | multipleCPU/ALUoutDR/OData_reg[4]_rep__0_2[0]  |                                         |                4 |              8 |
|  remove_shake_clk/key_out_reg_BUFG | multipleCPU/ALUoutDR/OData_reg[4]_rep__0_4[0]  |                                         |                4 |              8 |
|  remove_shake_clk/key_out_reg_BUFG | multipleCPU/ALUoutDR/OData_reg[4]_rep__0_5[0]  |                                         |                6 |              8 |
|  remove_shake_clk/key_out_reg_BUFG | multipleCPU/ALUoutDR/OData_reg[4]_rep__2_4[0]  |                                         |                2 |              8 |
|  remove_shake_clk/key_out_reg_BUFG | multipleCPU/ALUoutDR/OData_reg[4]_rep__2_6[0]  |                                         |                4 |              8 |
|  remove_shake_clk/key_out_reg_BUFG | multipleCPU/ALUoutDR/OData_reg[4]_rep__2_9[0]  |                                         |                6 |              8 |
|  remove_shake_clk/key_out_reg_BUFG | multipleCPU/ALUoutDR/OData_reg[3]_rep__4_1[0]  |                                         |                2 |              8 |
|  remove_shake_clk/key_out_reg_BUFG | multipleCPU/ALUoutDR/OData_reg[3]_rep__2_8[0]  |                                         |                5 |              8 |
|  remove_shake_clk/key_out_reg_BUFG | multipleCPU/ALUoutDR/OData_reg[4]_rep__2_5[0]  |                                         |                6 |              8 |
|  remove_shake_clk/key_out_reg_BUFG | multipleCPU/ALUoutDR/OData_reg[4]_rep__2_8[0]  |                                         |                5 |              8 |
|  remove_shake_clk/key_out_reg_BUFG | multipleCPU/ALUoutDR/OData_reg[3]_rep__2_6[0]  |                                         |                5 |              8 |
|  remove_shake_clk/key_out_reg_BUFG | multipleCPU/ALUoutDR/OData_reg[3]_rep__2_0[0]  |                                         |                2 |              8 |
|  remove_shake_clk/key_out_reg_BUFG | multipleCPU/ALUoutDR/OData_reg[3]_rep__3_4[0]  |                                         |                5 |              8 |
|  remove_shake_clk/key_out_reg_BUFG | multipleCPU/ALUoutDR/OData_reg[3]_rep__5_0[0]  |                                         |                2 |              8 |
|  remove_shake_clk/key_out_reg_BUFG | multipleCPU/ALUoutDR/OData_reg[5]_rep_2[0]     |                                         |                6 |              8 |
|  remove_shake_clk/key_out_reg_BUFG | multipleCPU/ALUoutDR/OData_reg[4]_1[0]         |                                         |                7 |              8 |
|  remove_shake_clk/key_out_reg_BUFG | multipleCPU/ALUoutDR/OData_reg[5]_rep_1[0]     |                                         |                6 |              8 |
|  remove_shake_clk/key_out_reg_BUFG | multipleCPU/ALUoutDR/OData_reg[3]_rep__5_1[0]  |                                         |                2 |              8 |
|  remove_shake_clk/key_out_reg_BUFG | multipleCPU/ALUoutDR/OData_reg[6]_rep__1_4[0]  |                                         |                6 |              8 |
|  remove_shake_clk/key_out_reg_BUFG | multipleCPU/ALUoutDR/OData_reg[6]_rep__2_0[0]  |                                         |                5 |              8 |
|  remove_shake_clk/key_out_reg_BUFG | multipleCPU/ALUoutDR/OData_reg[6]_rep__2_1[0]  |                                         |                6 |              8 |
|  remove_shake_clk/key_out_reg_BUFG | multipleCPU/ALUoutDR/OData_reg[6]_rep__2_2[0]  |                                         |                5 |              8 |
|  remove_shake_clk/key_out_reg_BUFG | multipleCPU/ALUoutDR/OData_reg[5]_rep__2_3[0]  |                                         |                6 |              8 |
|  remove_shake_clk/key_out_reg_BUFG | multipleCPU/ALUoutDR/OData_reg[6]_rep__0_7[0]  |                                         |                5 |              8 |
|  remove_shake_clk/key_out_reg_BUFG | multipleCPU/ALUoutDR/OData_reg[6]_rep__2_4[0]  |                                         |                5 |              8 |
|  remove_shake_clk/key_out_reg_BUFG | multipleCPU/ALUoutDR/OData_reg[7]_2[0]         |                                         |                5 |              8 |
|  remove_shake_clk/key_out_reg_BUFG | multipleCPU/ALUoutDR/OData_reg[5]_rep__2_6[0]  |                                         |                2 |              8 |
|  remove_shake_clk/key_out_reg_BUFG | multipleCPU/ALUoutDR/OData_reg[6]_rep__0_8[0]  |                                         |                8 |              8 |
|  remove_shake_clk/key_out_reg_BUFG | multipleCPU/ALUoutDR/OData_reg[5]_rep__0_1[0]  |                                         |                3 |              8 |
|  remove_shake_clk/key_out_reg_BUFG | multipleCPU/ALUoutDR/OData_reg[6]_rep__1_2[0]  |                                         |                7 |              8 |
|  remove_shake_clk/key_out_reg_BUFG | multipleCPU/ALUoutDR/OData_reg[6]_rep__2_3[0]  |                                         |                7 |              8 |
|  remove_shake_clk/key_out_reg_BUFG | multipleCPU/ALUoutDR/OData_reg[6]_rep__2_5[0]  |                                         |                2 |              8 |
|  remove_shake_clk/key_out_reg_BUFG | multipleCPU/ALUoutDR/OData_reg[6]_2[0]         |                                         |                4 |              8 |
|  remove_shake_clk/key_out_reg_BUFG | multipleCPU/ALUoutDR/OData_reg[6]_rep_10[0]    |                                         |                5 |              8 |
|  remove_shake_clk/key_out_reg_BUFG | multipleCPU/ALUoutDR/OData_reg[6]_rep__1_5[0]  |                                         |                7 |              8 |
|  remove_shake_clk/key_out_reg_BUFG | multipleCPU/ALUoutDR/OData_reg[6]_rep__0_0[0]  |                                         |                3 |              8 |
|  remove_shake_clk/key_out_reg_BUFG | multipleCPU/ALUoutDR/OData_reg[6]_rep__0_2[0]  |                                         |                8 |              8 |
|  remove_shake_clk/key_out_reg_BUFG | multipleCPU/ALUoutDR/OData_reg[6]_rep__0_6[0]  |                                         |                4 |              8 |
|  remove_shake_clk/key_out_reg_BUFG | multipleCPU/ALUoutDR/OData_reg[6]_rep__1_7[0]  |                                         |                5 |              8 |
|  remove_shake_clk/key_out_reg_BUFG | multipleCPU/ALUoutDR/OData_reg[6]_rep__2_6[0]  |                                         |                4 |              8 |
|  remove_shake_clk/key_out_reg_BUFG | multipleCPU/ALUoutDR/OData_reg[7]_1[0]         |                                         |                6 |              8 |
|  remove_shake_clk/key_out_reg_BUFG | multipleCPU/ALUoutDR/OData_reg[5]_rep__2_4[0]  |                                         |                3 |              8 |
|  remove_shake_clk/key_out_reg_BUFG | multipleCPU/ALUoutDR/OData_reg[6]_rep_1[0]     |                                         |                3 |              8 |
|  remove_shake_clk/key_out_reg_BUFG | multipleCPU/ALUoutDR/OData_reg[5]_rep__2_1[0]  |                                         |                3 |              8 |
|  remove_shake_clk/key_out_reg_BUFG | multipleCPU/ALUoutDR/OData_reg[5]_rep__0_0[0]  |                                         |                3 |              8 |
|  remove_shake_clk/key_out_reg_BUFG | multipleCPU/ALUoutDR/OData_reg[5]_rep__2_7[0]  |                                         |                5 |              8 |
|  remove_shake_clk/key_out_reg_BUFG | multipleCPU/ALUoutDR/OData_reg[6]_rep_11[0]    |                                         |                5 |              8 |
|  remove_shake_clk/key_out_reg_BUFG | multipleCPU/ALUoutDR/OData_reg[6]_rep_12[0]    |                                         |                8 |              8 |
|  remove_shake_clk/key_out_reg_BUFG | multipleCPU/ALUoutDR/OData_reg[6]_rep_7[0]     |                                         |                2 |              8 |
|  remove_shake_clk/key_out_reg_BUFG | multipleCPU/ALUoutDR/OData_reg[6]_rep_9[0]     |                                         |                6 |              8 |
|  remove_shake_clk/key_out_reg_BUFG | multipleCPU/ALUoutDR/OData_reg[5]_rep__2_5[0]  |                                         |                4 |              8 |
|  remove_shake_clk/key_out_reg_BUFG | multipleCPU/ALUoutDR/OData_reg[6]_rep__0_3[0]  |                                         |                4 |              8 |
|  remove_shake_clk/key_out_reg_BUFG | multipleCPU/ALUoutDR/OData_reg[6]_rep__0_5[0]  |                                         |                5 |              8 |
|  remove_shake_clk/key_out_reg_BUFG | multipleCPU/ALUoutDR/OData_reg[6]_rep__0_9[0]  |                                         |                2 |              8 |
|  remove_shake_clk/key_out_reg_BUFG | multipleCPU/ALUoutDR/OData_reg[6]_rep__1_1[0]  |                                         |                8 |              8 |
|  remove_shake_clk/key_out_reg_BUFG | multipleCPU/ALUoutDR/OData_reg[6]_rep__1_6[0]  |                                         |                6 |              8 |
|  remove_shake_clk/key_out_reg_BUFG | multipleCPU/ALUoutDR/OData_reg[5]_rep__2_2[0]  |                                         |                2 |              8 |
|  remove_shake_clk/key_out_reg_BUFG | multipleCPU/ALUoutDR/OData_reg[6]_rep_5[0]     |                                         |                6 |              8 |
|  remove_shake_clk/key_out_reg_BUFG | multipleCPU/ALUoutDR/OData_reg[5]_rep__1_0[0]  |                                         |                6 |              8 |
|  remove_shake_clk/key_out_reg_BUFG | multipleCPU/ALUoutDR/OData_reg[5]_rep__1_1[0]  |                                         |                4 |              8 |
|  remove_shake_clk/key_out_reg_BUFG | multipleCPU/ALUoutDR/OData_reg[6]_rep_3[0]     |                                         |                4 |              8 |
|  remove_shake_clk/key_out_reg_BUFG | multipleCPU/ALUoutDR/OData_reg[6]_rep_4[0]     |                                         |                4 |              8 |
|  remove_shake_clk/key_out_reg_BUFG | multipleCPU/ALUoutDR/OData_reg[6]_rep_6[0]     |                                         |                6 |              8 |
|  remove_shake_clk/key_out_reg_BUFG | multipleCPU/ALUoutDR/OData_reg[6]_rep__0_4[0]  |                                         |                6 |              8 |
|  remove_shake_clk/key_out_reg_BUFG | multipleCPU/ALUoutDR/OData_reg[6]_rep_2[0]     |                                         |                6 |              8 |
|  remove_shake_clk/key_out_reg_BUFG | multipleCPU/ALUoutDR/OData_reg[5]_rep__2_0[0]  |                                         |                2 |              8 |
|  remove_shake_clk/key_out_reg_BUFG | multipleCPU/ALUoutDR/OData_reg[6]_1[0]         |                                         |                6 |              8 |
|  remove_shake_clk/key_out_reg_BUFG | multipleCPU/ALUoutDR/OData_reg[6]_rep_8[0]     |                                         |                5 |              8 |
|  remove_shake_clk/key_out_reg_BUFG | multipleCPU/ALUoutDR/OData_reg[6]_rep__0_1[0]  |                                         |                4 |              8 |
|  remove_shake_clk/key_out_reg_BUFG | multipleCPU/ALUoutDR/OData_reg[6]_rep__1_3[0]  |                                         |                7 |              8 |
|  remove_shake_clk/key_out_reg_BUFG | multipleCPU/ALUoutDR/OData_reg[7]_rep__1_5[0]  |                                         |                7 |              8 |
|  remove_shake_clk/key_out_reg_BUFG | multipleCPU/ALUoutDR/OData_reg[7]_rep__1_6[0]  |                                         |                3 |              8 |
|  remove_shake_clk/key_out_reg_BUFG | multipleCPU/ALUoutDR/OData_reg[7]_rep__2_1[0]  |                                         |                3 |              8 |
|  remove_shake_clk/key_out_reg_BUFG | multipleCPU/ALUoutDR/OData_reg[7]_rep__0_1[0]  |                                         |                6 |              8 |
|  remove_shake_clk/key_out_reg_BUFG | multipleCPU/ALUoutDR/OData_reg[7]_rep__1_12[0] |                                         |                7 |              8 |
|  remove_shake_clk/key_out_reg_BUFG | multipleCPU/ALUoutDR/OData_reg[7]_rep__1_14[0] |                                         |                3 |              8 |
|  remove_shake_clk/key_out_reg_BUFG | multipleCPU/ALUoutDR/OData_reg[7]_rep__0_7[0]  |                                         |                3 |              8 |
|  remove_shake_clk/key_out_reg_BUFG | multipleCPU/ALUoutDR/OData_reg[7]_rep__2_10[0] |                                         |                6 |              8 |
|  remove_shake_clk/key_out_reg_BUFG | multipleCPU/ALUoutDR/OData_reg[7]_rep__2_12[0] |                                         |                8 |              8 |
|  remove_shake_clk/key_out_reg_BUFG | multipleCPU/ALUoutDR/OData_reg[7]_rep__2_14[0] |                                         |                5 |              8 |
|  remove_shake_clk/key_out_reg_BUFG | multipleCPU/ALUoutDR/OData_reg[7]_rep__2_15[0] |                                         |                4 |              8 |
|  remove_shake_clk/key_out_reg_BUFG | multipleCPU/ALUoutDR/OData_reg[7]_rep__1_9[0]  |                                         |                6 |              8 |
|  remove_shake_clk/key_out_reg_BUFG | multipleCPU/ALUoutDR/OData_reg[7]_rep__2_18[0] |                                         |                7 |              8 |
|  remove_shake_clk/key_out_reg_BUFG | multipleCPU/ALUoutDR/OData_reg[7]_rep__2_2[0]  |                                         |                5 |              8 |
|  remove_shake_clk/key_out_reg_BUFG | multipleCPU/ALUoutDR/OData_reg[7]_rep__0_4[0]  |                                         |                3 |              8 |
|  remove_shake_clk/key_out_reg_BUFG | multipleCPU/ALUoutDR/OData_reg[7]_rep__1_13[0] |                                         |                4 |              8 |
|  remove_shake_clk/key_out_reg_BUFG | multipleCPU/ALUoutDR/OData_reg[7]_rep__1_24[0] |                                         |                5 |              8 |
|  remove_shake_clk/key_out_reg_BUFG | multipleCPU/ALUoutDR/OData_reg[7]_rep__2_11[0] |                                         |                4 |              8 |
|  remove_shake_clk/key_out_reg_BUFG | multipleCPU/ALUoutDR/OData_reg[7]_rep__1_2[0]  |                                         |                3 |              8 |
|  remove_shake_clk/key_out_reg_BUFG | multipleCPU/ALUoutDR/OData_reg[7]_rep__0_11[0] |                                         |                3 |              8 |
|  remove_shake_clk/key_out_reg_BUFG | multipleCPU/ALUoutDR/OData_reg[7]_rep__1_1[0]  |                                         |                2 |              8 |
|  remove_shake_clk/key_out_reg_BUFG | multipleCPU/ALUoutDR/OData_reg[7]_rep__1_22[0] |                                         |                4 |              8 |
|  remove_shake_clk/key_out_reg_BUFG | multipleCPU/ALUoutDR/OData_reg[7]_rep__1_3[0]  |                                         |                2 |              8 |
|  remove_shake_clk/key_out_reg_BUFG | multipleCPU/ALUoutDR/OData_reg[7]_rep__0_3[0]  |                                         |                8 |              8 |
|  remove_shake_clk/key_out_reg_BUFG | multipleCPU/ALUoutDR/OData_reg[7]_rep_1[0]     |                                         |                4 |              8 |
|  remove_shake_clk/key_out_reg_BUFG | multipleCPU/ALUoutDR/OData_reg[7]_rep__0_2[0]  |                                         |                8 |              8 |
|  remove_shake_clk/key_out_reg_BUFG | multipleCPU/ALUoutDR/OData_reg[7]_rep__1_17[0] |                                         |                6 |              8 |
|  remove_shake_clk/key_out_reg_BUFG | multipleCPU/ALUoutDR/OData_reg[7]_rep__1_4[0]  |                                         |                8 |              8 |
|  remove_shake_clk/key_out_reg_BUFG | multipleCPU/ALUoutDR/OData_reg[7]_rep__1_8[0]  |                                         |                5 |              8 |
|  remove_shake_clk/key_out_reg_BUFG | multipleCPU/ALUoutDR/OData_reg[7]_rep__2_13[0] |                                         |                8 |              8 |
|  remove_shake_clk/key_out_reg_BUFG | multipleCPU/ALUoutDR/OData_reg[7]_rep__2_16[0] |                                         |                6 |              8 |
|  remove_shake_clk/key_out_reg_BUFG | multipleCPU/ALUoutDR/OData_reg[7]_rep__1_16[0] |                                         |                3 |              8 |
|  remove_shake_clk/key_out_reg_BUFG | multipleCPU/ALUoutDR/OData_reg[7]_rep__0_6[0]  |                                         |                4 |              8 |
|  remove_shake_clk/key_out_reg_BUFG | multipleCPU/ALUoutDR/OData_reg[7]_rep__0_0[0]  |                                         |                4 |              8 |
|  remove_shake_clk/key_out_reg_BUFG | multipleCPU/ALUoutDR/OData_reg[7]_rep__0_5[0]  |                                         |                4 |              8 |
|  remove_shake_clk/key_out_reg_BUFG | multipleCPU/ALUoutDR/OData_reg[7]_rep__1_15[0] |                                         |                3 |              8 |
|  remove_shake_clk/key_out_reg_BUFG | multipleCPU/ALUoutDR/OData_reg[7]_rep__0_9[0]  |                                         |                7 |              8 |
|  remove_shake_clk/key_out_reg_BUFG | multipleCPU/ALUoutDR/OData_reg[7]_rep__2_17[0] |                                         |                6 |              8 |
|  remove_shake_clk/key_out_reg_BUFG | multipleCPU/ALUoutDR/OData_reg[7]_rep__1_18[0] |                                         |                6 |              8 |
|  remove_shake_clk/key_out_reg_BUFG | multipleCPU/ALUoutDR/OData_reg[7]_rep__1_7[0]  |                                         |                7 |              8 |
|  remove_shake_clk/key_out_reg_BUFG | multipleCPU/ALUoutDR/OData_reg[7]_rep__2_19[0] |                                         |                8 |              8 |
|  remove_shake_clk/key_out_reg_BUFG | multipleCPU/ALUoutDR/OData_reg[7]_rep__0_10[0] |                                         |                3 |              8 |
|  remove_shake_clk/key_out_reg_BUFG | multipleCPU/ALUoutDR/OData_reg[7]_rep__1_10[0] |                                         |                8 |              8 |
|  remove_shake_clk/key_out_reg_BUFG | multipleCPU/ALUoutDR/OData_reg[7]_rep__1_19[0] |                                         |                5 |              8 |
|  remove_shake_clk/key_out_reg_BUFG | multipleCPU/ALUoutDR/OData_reg[7]_rep__0_8[0]  |                                         |                6 |              8 |
|  remove_shake_clk/key_out_reg_BUFG | multipleCPU/ALUoutDR/OData_reg[7]_rep__1_11[0] |                                         |                8 |              8 |
|  remove_shake_clk/key_out_reg_BUFG | multipleCPU/ALUoutDR/OData_reg[7]_rep__1_20[0] |                                         |                7 |              8 |
|  remove_shake_clk/key_out_reg_BUFG | multipleCPU/ALUoutDR/OData_reg[7]_rep__1_21[0] |                                         |                4 |              8 |
|  remove_shake_clk/key_out_reg_BUFG | multipleCPU/ALUoutDR/OData_reg[7]_rep__1_23[0] |                                         |                6 |              8 |
|  remove_shake_clk/key_out_reg_BUFG | multipleCPU/ALUoutDR/OData_reg[7]_rep__2_9[0]  |                                         |                4 |              8 |
|  remove_shake_clk/key_out_reg_BUFG | multipleCPU/ALUoutDR/OData_reg[7]_rep__2_3[0]  |                                         |                3 |              8 |
|  remove_shake_clk/key_out_reg_BUFG | multipleCPU/ALUoutDR/OData_reg[7]_rep__2_5[0]  |                                         |                4 |              8 |
|  remove_shake_clk/key_out_reg_BUFG | multipleCPU/ALUoutDR/OData_reg[7]_rep__2_4[0]  |                                         |                7 |              8 |
|  remove_shake_clk/key_out_reg_BUFG | multipleCPU/ALUoutDR/OData_reg[7]_rep__2_7[0]  |                                         |                5 |              8 |
|  remove_shake_clk/key_out_reg_BUFG | multipleCPU/ALUoutDR/OData_reg[7]_rep__2_6[0]  |                                         |                7 |              8 |
|  remove_shake_clk/key_out_reg_BUFG | multipleCPU/ALUoutDR/OData_reg[7]_rep__2_21[0] |                                         |                6 |              8 |
|  remove_shake_clk/key_out_reg_BUFG | multipleCPU/ALUoutDR/OData_reg[7]_rep__2_20[0] |                                         |                2 |              8 |
|  remove_shake_clk/key_out_reg_BUFG | multipleCPU/ALUoutDR/OData_reg[7]_rep__2_8[0]  |                                         |                3 |              8 |
|  remove_shake_clk/key_out_reg_BUFG | multipleCPU/ALUoutDR/mWR_reg_4[0]              |                                         |                5 |              8 |
|  remove_shake_clk/key_out_reg_BUFG | multipleCPU/ALUoutDR/mWR_reg_1[0]              |                                         |                3 |              8 |
|  remove_shake_clk/key_out_reg_BUFG | multipleCPU/ALUoutDR/mWR_reg_12[0]             |                                         |                2 |              8 |
|  remove_shake_clk/key_out_reg_BUFG | multipleCPU/ALUoutDR/mWR_reg_18[0]             |                                         |                4 |              8 |
|  remove_shake_clk/key_out_reg_BUFG | multipleCPU/ALUoutDR/mWR_reg_0[0]              |                                         |                5 |              8 |
|  remove_shake_clk/key_out_reg_BUFG | multipleCPU/ALUoutDR/mWR_reg_8[0]              |                                         |                6 |              8 |
|  remove_shake_clk/key_out_reg_BUFG | multipleCPU/ALUoutDR/mWR_reg_rep_1[0]          |                                         |                5 |              8 |
|  remove_shake_clk/key_out_reg_BUFG | multipleCPU/ALUoutDR/mWR_reg_rep_13[0]         |                                         |                8 |              8 |
|  remove_shake_clk/key_out_reg_BUFG | multipleCPU/ALUoutDR/mWR_reg_25[0]             |                                         |                5 |              8 |
|  remove_shake_clk/key_out_reg_BUFG | multipleCPU/ALUoutDR/mWR_reg_3[0]              |                                         |                4 |              8 |
|  remove_shake_clk/key_out_reg_BUFG | multipleCPU/ALUoutDR/mWR_reg_rep_0[0]          |                                         |                7 |              8 |
|  remove_shake_clk/key_out_reg_BUFG | multipleCPU/ALUoutDR/mWR_reg_21[0]             |                                         |                5 |              8 |
|  remove_shake_clk/key_out_reg_BUFG | multipleCPU/ALUoutDR/mWR_reg_5[0]              |                                         |                7 |              8 |
|  remove_shake_clk/key_out_reg_BUFG | multipleCPU/ALUoutDR/mWR_reg_16[0]             |                                         |                5 |              8 |
|  remove_shake_clk/key_out_reg_BUFG | multipleCPU/ALUoutDR/mWR_reg_28[0]             |                                         |                6 |              8 |
|  remove_shake_clk/key_out_reg_BUFG | multipleCPU/ALUoutDR/mWR_reg_14[0]             |                                         |                7 |              8 |
|  remove_shake_clk/key_out_reg_BUFG | multipleCPU/ALUoutDR/mWR_reg_17[0]             |                                         |                3 |              8 |
|  remove_shake_clk/key_out_reg_BUFG | multipleCPU/ALUoutDR/mWR_reg_22[0]             |                                         |                8 |              8 |
|  remove_shake_clk/key_out_reg_BUFG | multipleCPU/ALUoutDR/mWR_reg_7[0]              |                                         |                8 |              8 |
|  remove_shake_clk/key_out_reg_BUFG | multipleCPU/ALUoutDR/mWR_reg[0]                |                                         |                8 |              8 |
|  remove_shake_clk/key_out_reg_BUFG | multipleCPU/ALUoutDR/mWR_reg_24[0]             |                                         |                4 |              8 |
|  remove_shake_clk/key_out_reg_BUFG | multipleCPU/ALUoutDR/mWR_reg_27[0]             |                                         |                5 |              8 |
|  remove_shake_clk/key_out_reg_BUFG | multipleCPU/ALUoutDR/mWR_reg_13[0]             |                                         |                8 |              8 |
|  remove_shake_clk/key_out_reg_BUFG | multipleCPU/ALUoutDR/mWR_reg_15[0]             |                                         |                6 |              8 |
|  remove_shake_clk/key_out_reg_BUFG | multipleCPU/ALUoutDR/mWR_reg_20[0]             |                                         |                7 |              8 |
|  remove_shake_clk/key_out_reg_BUFG | multipleCPU/ALUoutDR/mWR_reg_9[0]              |                                         |                3 |              8 |
|  remove_shake_clk/key_out_reg_BUFG | multipleCPU/ALUoutDR/mWR_reg_11[0]             |                                         |                5 |              8 |
|  remove_shake_clk/key_out_reg_BUFG | multipleCPU/ALUoutDR/mWR_reg_rep[0]            |                                         |                2 |              8 |
|  remove_shake_clk/key_out_reg_BUFG | multipleCPU/ALUoutDR/mWR_reg_rep_10[0]         |                                         |                6 |              8 |
|  remove_shake_clk/key_out_reg_BUFG | multipleCPU/ALUoutDR/mWR_reg_rep_11[0]         |                                         |                4 |              8 |
|  remove_shake_clk/key_out_reg_BUFG | multipleCPU/ALUoutDR/mWR_reg_rep_12[0]         |                                         |                4 |              8 |
|  remove_shake_clk/key_out_reg_BUFG | multipleCPU/ALUoutDR/mWR_reg_rep_14[0]         |                                         |                5 |              8 |
|  remove_shake_clk/key_out_reg_BUFG | multipleCPU/ALUoutDR/mWR_reg_rep_15[0]         |                                         |                5 |              8 |
|  remove_shake_clk/key_out_reg_BUFG | multipleCPU/ALUoutDR/mWR_reg_rep_16[0]         |                                         |                5 |              8 |
|  remove_shake_clk/key_out_reg_BUFG | multipleCPU/ALUoutDR/mWR_reg_rep_17[0]         |                                         |                3 |              8 |
|  remove_shake_clk/key_out_reg_BUFG | multipleCPU/ALUoutDR/mWR_reg_rep_18[0]         |                                         |                2 |              8 |
|  remove_shake_clk/key_out_reg_BUFG | multipleCPU/ALUoutDR/mWR_reg_6[0]              |                                         |                4 |              8 |
|  remove_shake_clk/key_out_reg_BUFG | multipleCPU/ALUoutDR/mWR_reg_rep_19[0]         |                                         |                5 |              8 |
|  remove_shake_clk/key_out_reg_BUFG | multipleCPU/ALUoutDR/mWR_reg_2[0]              |                                         |                5 |              8 |
|  remove_shake_clk/key_out_reg_BUFG | multipleCPU/ALUoutDR/mWR_reg_rep_2[0]          |                                         |                6 |              8 |
|  remove_shake_clk/key_out_reg_BUFG | multipleCPU/ALUoutDR/mWR_reg_rep_20[0]         |                                         |                5 |              8 |
|  remove_shake_clk/key_out_reg_BUFG | multipleCPU/ALUoutDR/mWR_reg_rep_21[0]         |                                         |                6 |              8 |
|  remove_shake_clk/key_out_reg_BUFG | multipleCPU/ALUoutDR/mWR_reg_19[0]             |                                         |                5 |              8 |
|  remove_shake_clk/key_out_reg_BUFG | multipleCPU/ALUoutDR/mWR_reg_23[0]             |                                         |                5 |              8 |
|  remove_shake_clk/key_out_reg_BUFG | multipleCPU/ALUoutDR/mWR_reg_10[0]             |                                         |                7 |              8 |
|  remove_shake_clk/key_out_reg_BUFG | multipleCPU/ALUoutDR/mWR_reg_26[0]             |                                         |                7 |              8 |
|  remove_shake_clk/key_out_reg_BUFG | multipleCPU/ALUoutDR/mWR_reg_rep_36[0]         |                                         |                4 |              8 |
|  remove_shake_clk/key_out_reg_BUFG | multipleCPU/ALUoutDR/mWR_reg_rep_25[0]         |                                         |                3 |              8 |
|  remove_shake_clk/key_out_reg_BUFG | multipleCPU/ALUoutDR/mWR_reg_rep_24[0]         |                                         |                6 |              8 |
|  remove_shake_clk/key_out_reg_BUFG | multipleCPU/ALUoutDR/mWR_reg_rep_3[0]          |                                         |                8 |              8 |
|  remove_shake_clk/key_out_reg_BUFG | multipleCPU/ALUoutDR/mWR_reg_rep_37[0]         |                                         |                6 |              8 |
|  remove_shake_clk/key_out_reg_BUFG | multipleCPU/ALUoutDR/mWR_reg_rep_33[0]         |                                         |                8 |              8 |
|  remove_shake_clk/key_out_reg_BUFG | multipleCPU/ALUoutDR/mWR_reg_rep_26[0]         |                                         |                7 |              8 |
|  remove_shake_clk/key_out_reg_BUFG | multipleCPU/ALUoutDR/mWR_reg_rep_31[0]         |                                         |                8 |              8 |
|  remove_shake_clk/key_out_reg_BUFG | multipleCPU/ALUoutDR/mWR_reg_rep_5[0]          |                                         |                4 |              8 |
|  remove_shake_clk/key_out_reg_BUFG | multipleCPU/ALUoutDR/mWR_reg_rep_8[0]          |                                         |                7 |              8 |
|  remove_shake_clk/key_out_reg_BUFG | multipleCPU/ALUoutDR/mWR_reg_rep_9[0]          |                                         |                8 |              8 |
|  remove_shake_clk/key_out_reg_BUFG | multipleCPU/ALUoutDR/mWR_reg_rep_32[0]         |                                         |                7 |              8 |
|  remove_shake_clk/key_out_reg_BUFG | multipleCPU/ALUoutDR/mWR_reg_rep_35[0]         |                                         |                6 |              8 |
|  remove_shake_clk/key_out_reg_BUFG | multipleCPU/ALUoutDR/mWR_reg_rep_41[0]         |                                         |                7 |              8 |
|  remove_shake_clk/key_out_reg_BUFG | multipleCPU/ALUoutDR/mWR_reg_rep_4[0]          |                                         |                5 |              8 |
|  remove_shake_clk/key_out_reg_BUFG | multipleCPU/ALUoutDR/mWR_reg_rep_38[0]         |                                         |                3 |              8 |
|  remove_shake_clk/key_out_reg_BUFG | multipleCPU/ALUoutDR/mWR_reg_rep_23[0]         |                                         |                8 |              8 |
|  remove_shake_clk/key_out_reg_BUFG | multipleCPU/ALUoutDR/mWR_reg_rep_40[0]         |                                         |                3 |              8 |
|  remove_shake_clk/key_out_reg_BUFG | multipleCPU/ALUoutDR/mWR_reg_rep_6[0]          |                                         |                6 |              8 |
|  remove_shake_clk/key_out_reg_BUFG | multipleCPU/ALUoutDR/mWR_reg_rep_7[0]          |                                         |                6 |              8 |
|  remove_shake_clk/key_out_reg_BUFG | multipleCPU/ALUoutDR/mWR_reg_rep_29[0]         |                                         |                5 |              8 |
|  remove_shake_clk/key_out_reg_BUFG | multipleCPU/ALUoutDR/mWR_reg_rep_27[0]         |                                         |                6 |              8 |
|  remove_shake_clk/key_out_reg_BUFG | multipleCPU/ALUoutDR/mWR_reg_rep_39[0]         |                                         |                6 |              8 |
|  remove_shake_clk/key_out_reg_BUFG | multipleCPU/ALUoutDR/mWR_reg_rep_34[0]         |                                         |                5 |              8 |
|  remove_shake_clk/key_out_reg_BUFG | multipleCPU/ALUoutDR/mWR_reg_rep_22[0]         |                                         |                7 |              8 |
|  remove_shake_clk/key_out_reg_BUFG | multipleCPU/ALUoutDR/mWR_reg_rep_28[0]         |                                         |                6 |              8 |
|  remove_shake_clk/key_out_reg_BUFG | multipleCPU/ALUoutDR/mWR_reg_rep_30[0]         |                                         |                5 |              8 |
|  remove_shake_clk/key_out_reg_BUFG | multipleCPU/ALUoutDR/OData_reg[0]_rep__9_0[0]  |                                         |                3 |              8 |
|  remove_shake_clk/key_out_reg_BUFG | multipleCPU/ALUoutDR/OData_reg[1]_1[0]         |                                         |                6 |              8 |
|  CLK_IBUF_BUFG                     |                                                | remove_shake_reset/key_out_reg_reg_0    |                5 |             17 |
|  CLK_IBUF_BUFG                     |                                                | remove_shake_clk/clear                  |                6 |             22 |
|  CLK_IBUF_BUFG                     |                                                | remove_shake_reset/count_low[0]_i_1_n_1 |                6 |             22 |
|  CLK_IBUF_BUFG                     |                                                | Button_IBUF                             |                6 |             22 |
|  CLK_IBUF_BUFG                     |                                                | Reset_IBUF                              |                6 |             22 |
| ~remove_shake_clk/key_out_reg_BUFG |                                                | multipleCPU/ADR/OData[31]_i_1_n_1       |               20 |             32 |
| ~remove_shake_clk/key_out_reg_BUFG |                                                | multipleCPU/IR/OData_reg[19]_1          |                7 |             32 |
|  n_0_6239_BUFG                     |                                                |                                         |               20 |             32 |
| ~remove_shake_clk/key_out_reg_BUFG | multipleCPU/control_unit/E[0]                  | remove_shake_reset/key_out_reg_reg_0    |               15 |             39 |
| ~remove_shake_clk/key_out_reg_BUFG | multipleCPU/control_unit/IRWre_reg_0[0]        |                                         |               23 |             42 |
|  remove_shake_clk/key_out_reg_BUFG | multipleCPU/IR/p_0_in__0                       |                                         |               12 |             96 |
| ~remove_shake_clk/key_out_reg_BUFG |                                                |                                         |               45 |            112 |
+------------------------------------+------------------------------------------------+-----------------------------------------+------------------+----------------+


